// Vitest Snapshot v1, https://vitest.dev/guide/snapshot.html

exports[`AuthForm > renders basic case correctly 1`] = `
"<div class="w-full max-w-sm space-y-6">
  <!--v-if-->
  <div class="gap-y-6 flex flex-col">
    <!--v-if-->
    <form class="space-y-6"><button type="submit" class="focus:outline-none disabled:cursor-not-allowed disabled:opacity-75 flex-shrink-0 font-medium rounded-md text-sm gap-x-1.5 px-2.5 py-1.5 shadow-sm text-white dark:text-gray-900 bg-primary-500 hover:bg-primary-600 disabled:bg-primary-500 dark:bg-primary-400 dark:hover:bg-primary-500 dark:disabled:bg-primary-400 focus-visible:outline focus-visible:outline-2 focus-visible:outline-offset-2 focus-visible:outline-primary-500 dark:focus-visible:outline-primary-400 w-full flex justify-center items-center">
        <!--v-if--><span class="">Continue</span>
        <!--v-if-->
      </button></form>
  </div>
  <!--v-if-->
</div>"
`;

exports[`AuthForm > renders with props correctly 1`] = `
"<div class="w-full max-w-sm space-y-6">
  <div class="">
    <div class="mb-2 pointer-events-none"><span class="i-heroicons-lock-closed w-8 h-8 flex-shrink-0 text-gray-900 dark:text-white"></span></div>
    <p class="text-2xl text-gray-900 dark:text-white font-bold">Welcome back!</p>
    <p class="text-gray-500 dark:text-gray-400 mt-1">Enter your credentials to access your account</p>
  </div>
  <div class="gap-y-6 flex flex-col flex-col-reverse">
    <div class="space-y-3"><button type="button" class="focus:outline-none focus-visible:outline-0 disabled:cursor-not-allowed disabled:opacity-75 flex-shrink-0 font-medium rounded-md text-sm gap-x-1.5 px-2.5 py-1.5 shadow-sm ring-1 ring-inset ring-gray-300 dark:ring-gray-700 text-gray-900 dark:text-white bg-white hover:bg-gray-50 disabled:bg-white dark:bg-gray-900 dark:hover:bg-gray-800/50 dark:disabled:bg-gray-900 focus-visible:ring-2 focus-visible:ring-primary-500 dark:focus-visible:ring-primary-400 w-full flex justify-center items-center"><span class="i-simple-icons-github flex-shrink-0 h-5 w-5" aria-hidden="true"></span><span class="">Continue with GitHub</span>
        <!--v-if-->
      </button></div>
    <div class="flex items-center align-center text-center w-full flex-row">
      <div class="flex border-gray-200 dark:border-gray-800 w-full border-t border-solid"></div>
      <div class="font-medium text-gray-700 dark:text-gray-200 flex mx-3 whitespace-nowrap"><span class="text-sm">or</span></div>
      <div class="flex border-gray-200 dark:border-gray-800 w-full border-t border-solid"></div>
    </div>
    <form class="space-y-6">
      <div class="">
        <div class="flex content-center items-center justify-between text-sm"><label class="block font-medium text-gray-700 dark:text-gray-200" for="nuid-3">Email</label>
          <!--v-if-->
        </div>
        <!--v-if-->
        <div class="mt-1 relative">
          <div class="relative"><input name="email" type="text" placeholder="Enter your email" class="relative block w-full disabled:cursor-not-allowed disabled:opacity-75 focus:outline-none border-0 form-input rounded-md placeholder-gray-400 dark:placeholder-gray-500 text-sm px-2.5 py-1.5 shadow-sm bg-white dark:bg-gray-900 text-gray-900 dark:text-white ring-1 ring-inset ring-gray-300 dark:ring-gray-700 focus:ring-2 focus:ring-primary-500 dark:focus:ring-primary-400" id="nuid-3">
            <!--v-if-->
            <!--v-if-->
          </div>
          <!--v-if-->
        </div>
      </div>
      <div class="">
        <div class="flex content-center items-center justify-between text-sm"><label class="block font-medium text-gray-700 dark:text-gray-200" for="nuid-4">Password</label>
          <!--v-if-->
        </div>
        <!--v-if-->
        <div class="mt-1 relative">
          <div class="relative"><input name="password" type="password" placeholder="Enter your password" class="relative block w-full disabled:cursor-not-allowed disabled:opacity-75 focus:outline-none border-0 form-input rounded-md placeholder-gray-400 dark:placeholder-gray-500 text-sm px-2.5 py-1.5 shadow-sm bg-white dark:bg-gray-900 text-gray-900 dark:text-white ring-1 ring-inset ring-gray-300 dark:ring-gray-700 focus:ring-2 focus:ring-primary-500 dark:focus:ring-primary-400" id="nuid-4">
            <!--v-if-->
            <!--v-if-->
          </div>
          <!--v-if-->
        </div>
      </div><button type="submit" class="focus:outline-none disabled:cursor-not-allowed disabled:opacity-75 flex-shrink-0 font-medium rounded-md text-sm gap-x-1.5 px-2.5 py-1.5 shadow-sm text-white dark:text-gray-900 bg-primary-500 hover:bg-primary-600 disabled:bg-primary-500 dark:bg-primary-400 dark:hover:bg-primary-500 dark:disabled:bg-primary-400 focus-visible:outline focus-visible:outline-2 focus-visible:outline-offset-2 focus-visible:outline-primary-500 dark:focus-visible:outline-primary-400 w-full flex justify-center items-center">
        <!--v-if--><span class="">Continue</span>
        <!--v-if-->
      </button>
    </form>
  </div>
  <!--v-if-->
</div>"
`;

exports[`AuthForm > renders with slots correctly 1`] = `
"<div class="w-full max-w-sm space-y-6">
  <div class="">
    <div class="mb-2 pointer-events-none">Icon slot</div>
    <p class="text-2xl text-gray-900 dark:text-white font-bold">Title slot</p>
    <p class="text-gray-500 dark:text-gray-400 mt-1">Description slot</p>
  </div>
  <div class="gap-y-6 flex flex-col">
    <!--v-if-->
    <form class="space-y-6"><button type="submit" class="focus:outline-none disabled:cursor-not-allowed disabled:opacity-75 flex-shrink-0 font-medium rounded-md text-sm gap-x-1.5 px-2.5 py-1.5 shadow-sm text-white dark:text-gray-900 bg-primary-500 hover:bg-primary-600 disabled:bg-primary-500 dark:bg-primary-400 dark:hover:bg-primary-500 dark:disabled:bg-primary-400 focus-visible:outline focus-visible:outline-2 focus-visible:outline-offset-2 focus-visible:outline-primary-500 dark:focus-visible:outline-primary-400 w-full flex justify-center items-center">
        <!--v-if--><span class="">Continue</span>
        <!--v-if-->
      </button></form>
  </div>
  <p class="text-sm text-gray-500 dark:text-gray-400 mt-2">Footer slot</p>
</div>"
`;
