// Vitest Snapshot v1, https://vitest.dev/guide/snapshot.html

exports[`NavigationAccordion > renders basic case correctly 1`] = `"<div class="flex-col w-full block"></div>"`;

exports[`NavigationAccordion > renders with props correctly 1`] = `
"<div class="flex-col w-full block"><button type="button" class="flex items-center gap-1.5 group mb-3 w-full focus-visible:outline-primary border-transparent" id="headlessui-disclosure-button-1" aria-expanded="true" aria-controls="headlessui-disclosure-panel-2"><span class="i-heroicons-book-open w-5 h-5 flex-shrink-0"></span><span class="text-sm/6 font-semibold truncate">Getting Started</span><span class="i-heroicons-chevron-down-20-solid w-5 h-5 ms-auto transform transition-transform duration-200 flex-shrink-0 mr-1.5 text-gray-700 dark:text-gray-200"></span></button>
  <transition-stub enteractiveclass="overflow-hidden transition-[height] duration-200 ease-out" leaveactiveclass="overflow-hidden transition-[height] duration-200 ease-out" appear="false" persisted="true" css="true">
    <div>
      <div id="headlessui-disclosure-panel-2" data-headlessui-state="open" class="text-sm text-inherit dark:text-inherit p-0 mb-3 lg:mb-6">
        <nav class="space-y-3 border-l border-gray-200 dark:border-gray-800" style="margin-left: 0.5rem;">
          <div class="space-y-1.5"><a class="flex items-center gap-1.5 group border-l -ml-px pl-4 text-gray-500 dark:text-gray-400 hover:text-gray-700 dark:hover:text-gray-200 border-transparent hover:border-gray-500 dark:hover:border-gray-400" href="/getting-started">
              <!--v-if--><span class="text-sm/6 truncate">Introduction</span>
              <!--v-if-->
            </a><a class="flex items-center gap-1.5 group border-l -ml-px pl-4 text-gray-500 dark:text-gray-400 hover:text-gray-700 dark:hover:text-gray-200 border-transparent hover:border-gray-500 dark:hover:border-gray-400" href="/pro/getting-started/installation">
              <!--v-if--><span class="text-sm/6 truncate">Installation</span>
              <!--v-if-->
            </a><a class="flex items-center gap-1.5 group border-l -ml-px pl-4 text-gray-500 dark:text-gray-400 hover:text-gray-700 dark:hover:text-gray-200 border-transparent hover:border-gray-500 dark:hover:border-gray-400" href="/pro/getting-started/theming">
              <!--v-if--><span class="text-sm/6 truncate">Theming</span>
              <!--v-if-->
            </a><a class="flex items-center gap-1.5 group border-l -ml-px pl-4 text-gray-500 dark:text-gray-400 hover:text-gray-700 dark:hover:text-gray-200 border-transparent hover:border-gray-500 dark:hover:border-gray-400" href="/pro/getting-started/structure">
              <!--v-if--><span class="text-sm/6 truncate">Structure</span>
              <!--v-if-->
            </a><a class="flex items-center gap-1.5 group border-l -ml-px pl-4 text-gray-500 dark:text-gray-400 hover:text-gray-700 dark:hover:text-gray-200 border-transparent hover:border-gray-500 dark:hover:border-gray-400" href="/pro/getting-started/content">
              <!--v-if--><span class="text-sm/6 truncate">Content</span>
              <!--v-if-->
            </a></div>
        </nav>
      </div>
    </div>
  </transition-stub>
</div>"
`;
